[2026-05-27T19:37:34Z] Starting PR #927 soak: 100 iterations, 5s delay
[2026-05-27T19:37:34Z] Worker: https://arkova-worker-pr840-staging-kvojbeutfa-uc.a.run.app
[2026-05-27T19:37:34Z] Phase 1: Security edge cases
[2026-05-27T19:37:34Z] OK bad HMAC rejected: 401
[2026-05-27T19:37:35Z] OK duplicate detection: first=202, replay=200
[2026-05-27T19:37:35Z] Phase 2: Synthetic load (100 iterations)
[2026-05-27T19:38:28Z] Progress: 10/100 — ok=21 fail=0
[2026-05-27T19:39:28Z] Progress: 20/100 — ok=39 fail=0
[2026-05-27T19:40:28Z] Progress: 30/100 — ok=57 fail=0
[2026-05-27T19:41:27Z] Progress: 40/100 — ok=75 fail=0
[2026-05-27T19:42:28Z] Progress: 50/100 — ok=93 fail=0
[2026-05-27T19:43:29Z] Progress: 60/100 — ok=111 fail=0
[2026-05-27T19:44:30Z] Progress: 70/100 — ok=129 fail=0
[2026-05-27T19:45:30Z] Progress: 80/100 — ok=147 fail=0
[2026-05-27T19:46:31Z] Progress: 90/100 — ok=165 fail=0
[2026-05-27T19:47:32Z] Progress: 100/100 — ok=183 fail=0
[2026-05-27T19:47:37Z] Phase 3: Sprint 3 endpoint validation
[2026-05-27T19:47:37Z] OK attestation verification 404 for non-existent
[2026-05-27T19:47:38Z] OK attestation verification 400 for invalid format
[2026-05-27T19:47:38Z] OK member OAuth connect auth gate: 401
[2026-05-27T19:47:38Z] Phase 4: Final cron trigger
[2026-05-27T19:47:39Z] === SOAK COMPLETE ===
[2026-05-27T19:47:39Z] Total: 190, OK: 190, FAIL: 0
[2026-05-27T19:47:39Z] STATUS: PASSED
